========================================================================
ZERO CONTROLLER - FULL-DATA TRAIN
Model      : gru
Balance    : min
Augment    : False
Device     : cuda
========================================================================
[DATA] Samples used: 522 (100% — no test split)
  Epoch   1/120  |  loss: 2.1441  train_acc: 18.01%
  Epoch  10/120  |  loss: 0.3252  train_acc: 91.38%
  Epoch  20/120  |  loss: 0.3065  train_acc: 91.38%
  Epoch  30/120  |  loss: 0.0953  train_acc: 97.70%
  Epoch  40/120  |  loss: 0.0661  train_acc: 98.47%
  Epoch  50/120  |  loss: 0.0526  train_acc: 98.66%
  Epoch  60/120  |  loss: 0.0452  train_acc: 99.23%
  Epoch  70/120  |  loss: 0.0388  train_acc: 99.04%
  Epoch  80/120  |  loss: 0.0211  train_acc: 99.62%
  Epoch  90/120  |  loss: 0.0219  train_acc: 99.62%
  Epoch 100/120  |  loss: 0.0217  train_acc: 99.62%
  Epoch 110/120  |  loss: 0.0244  train_acc: 99.62%
  Epoch 120/120  |  loss: 0.0148  train_acc: 99.62%

[DONE] Saved final checkpoint: C:\Users\azama\VS Code\PROJECTS\01 Academic and Tutorial Projects\zeroController\data\models\action_classifier_gru_final.pth
Update config.py MODEL_SAVE_PATH to point to this file.
